
> imprenta-app@2.0.0 start
> node server.js

[dotenv@17.3.1] injecting env (5) from .env -- tip: 🛠️  run anywhere with `dotenvx run -- yourcommand`
🔍 Base de datos: C:\Users\gusta\Desktop\imprenta-app\imprenta.db
✅ Conexión a BD establecida
✅ Base de datos lista

✅ Base de datos lista.
node:events:496
      throw er; // Unhandled 'error' event
      ^

Error: listen EADDRINUSE: address already in use 0.0.0.0:3000
    at Server.setupListenHandle [as _listen2] (node:net:1908:16)
    at listenInCluster (node:net:1965:12)
    at doListen (node:net:2139:7)
    at process.processTicksAndRejections (node:internal/process/task_queues:83:21)
Emitted 'error' event on Server instance at:
    at emitErrorNT (node:net:1944:8)
    at process.processTicksAndRejections (node:internal/process/task_queues:82:21) {
  code: 'EADDRINUSE',
  errno: -4091,
  syscall: 'listen',
  address: '0.0.0.0',
  port: 3000
}

Node.js v20.18.3
